    1  2025-09-30 12:22:28.668829 967750278us tsft wep 5180 MHz 11a -45dBm signal -107dBm noise antenna 0 [bit 23] CF +QoS BSSID:36:80:94:c0:22:8b SA:b0:be:83:5b:4b:40 DA:ff:ff:ff:ff:ff:ff LLC, dsap SNAP (0xaa) Individual, ssap SNAP (0xaa) Command, ctrl 0x03: oui Ethernet (0x000000), ethertype IPv4 (0x0800), length 328: 0.0.0.0.68 > 255.255.255.255.67: BOOTP/DHCP, Request from b0:be:83:5b:4b:40, length 300
